root@b7d572d505db:/workspace# tmux new -s fdm

  positive control: changing one Block B value altered tokens in 30/30 trials

[masked ctx-only] 8 channels removed from block, no prefix, no training
  [masked ctx-only] SLOT   A   26.8%  B   98.7%  All   80.7%   (chance A 26.0%, chance B 27.4%)
  [masked ctx-only] JOINT  A    0.0%  B   76.5%  All-32    0.0%   (n=200)
  [masked ctx-only] per-channel A %: ch8:28  ch10:30  ch12:24  ch14:29  ch16:22  ch18:26  ch20:26  ch22:28
  [masked ctx-only] answers repeating a channel name: 100%

[leak check] Block A values must not affect the context tokens
  OK: 30/30 trials identical when only Block A differs.
  positive control: changing one Block B value altered tokens in 30/30 trials

[masked ctx-only] 16 channels removed from block, no prefix, no training
  [masked ctx-only] SLOT   A   26.2%  B   76.8%  All   51.5%   (chance A 26.0%, chance B 28.1%)
  [masked ctx-only] JOINT  A    0.0%  B   11.0%  All-32    0.0%   (n=200)
  [masked ctx-only] per-channel A %: ch8:26  ch10:24  ch12:25  ch14:32  ch16:26  ch18:26  ch20:28  ch22:26  ch24:24  ch26:27  ch28:32  ch30:26  ch32:25  ch34:22  ch36:26  ch38:24
  [masked ctx-only] answers repeating a channel name: 100%

========================================================================
  SWEEP SUMMARY (disjoint, hybrid host; A = prefix only, B = context only)
========================================================================
    A   B |  A slot  B slot All slot | All-32 joint |  A ctrl A chance
    4  28 |   27.1%   99.8%    90.7% |         0.5% |    nan%    27.1%
    8  24 |   26.8%   98.7%    80.7% |         0.0% |    nan%    26.0%
   16  16 |   26.2%   76.8%    51.5% |         0.0% |    nan%    26.0%

  Saved to /workspace/clean_lfm25/FDM_IN_WEIGHTS/two_substrates_review/lfm25/masked/

[23:49:38] === 6. train  seed=1  prefix-only channels=4  steps=5000  -> /workspace/clean_lfm25/FDM_IN_WEIGHTS/two_substrates_review/lfm25/seed1/split4
[seed] 1   [partition] interleaved
Loading weights: 100%|██████████| 148/148 [00:00<00:00, 240.16it/s]
[host] 16 layers (6 attention at [2, 5, 8, 10, 12, 14], 10 other), kv_heads=8, head_dim=64
[encoder] vocab_size=65536 a_low=0.25   [prompt style] bare_hop

[leak check] Block A values must not affect the context tokens
  OK: 30/30 trials identical when only Block A differs.
  positive control: changing one Block B value altered tokens in 30/30 trials

============================================================
  SPLIT: 4 parametric / 28 context (DISJOINT, hybrid host)
  Block A (prefix only): [8, 10, 12, 14]
  Block B (context only): [9, 11, 13, 15, 16, 17, 18, 19, 20, 21, 22, 23, 24, 25, 26, 27, 28, 29, 30, 31, 32, 33, 34, 35, 36, 37, 38, 39]
  Prefix written into attention layers [2, 5, 8, 10, 12, 14] only   [prompt style: bare_hop]
============================================================
  Write head: 10.3M params
[transformers] `causal_conv1d_fn` is falling back to its reference PyTorch implementation because `causal_conv1d` is not installed. This is correct but much slower; install `causal_conv1d` for the optimized kernel.
    Step  1000/5000 | loss 0.0204 | 208s
    Step  2000/5000 | loss 0.0051 | 416s
    Step  3000/5000 | loss 0.0011 | 625s
^[[A^[[A







========================================================================
  SWEEP SUMMARY (disjoint, hybrid host; A = prefix only, B = context only)
========================================================================
    A   B |  A slot  B slot All slot | All-32 joint |  A ctrl A chance
    4  28 |   27.1%   99.8%    90.7% |         0.5% |    nan%    27.1%
    8  24 |   26.8%   98.7%    80.7% |         0.0% |    nan%    26.0%
   16  16 |   26.2%   76.8%    51.5% |         0.0% |    nan%    26.0%

  Saved to /workspace/clean_lfm25/FDM_IN_WEIGHTS/two_substrates_review/lfm25/masked/

[23:49:38] === 6. train  seed=1  prefix-only channels=4  steps=5000  -> /workspace/clean_lfm25/FDM_IN_WEIGHTS/two_substrates_review/lfm25/seed1/split4
[seed] 1   [partition] interleaved
Loading weights: 100%|██████████| 148/148 [00:00<00:00, 240.16it/s]
[host] 16 layers (6 attention at [2, 5, 8, 10, 12, 14], 10 other), kv_heads=8, head_dim=64
[encoder] vocab_size=65536 a_low=0.25   [prompt style] bare_hop

[leak check] Block A values must not affect the context tokens
  OK: 30/30 trials identical when only Block A differs.
  positive control: changing one Block B value altered tokens in 30/30 trials

============================================================
  SPLIT: 4 parametric / 28 context (DISJOINT, hybrid host)
  Block A (prefix only): [8, 10, 12, 14]
  Block B (context only): [9, 11, 13, 15, 16, 17, 18, 19, 20, 21, 22, 23, 24, 25, 26, 27, 28, 29, 30, 31, 32, 33, 34, 35, 36, 37, 38, 39]
  Prefix written into attention layers [2, 5, 8, 10, 12, 14] only   [prompt style: bare_hop]
============================================================
  Write head: 10.3M params
[transformers] `causal_conv1d_fn` is falling back to its reference PyTorch implementation because `causal_conv1d` is not installed. This is correct but much slower; install `causal_conv1d` for the optimized kernel.
    Step  1000/5000 | loss 0.0204 | 208s
    Step  2000/5000 | loss 0.0051 | 416s
    Step  3000/5000 | loss 0.0011 | 625s
^[[A^[[A    Step  4000/5000 | loss 0.0007 | 834s
    Step  5000/5000 | loss 0.0005 | 1044s
  saved write head -> /workspace/clean_lfm25/FDM_IN_WEIGHTS/two_substrates_review/lfm25/seed1/split4/write_head_A4_seed1.pt
Eval:   0%|          | 0/200 [00:00<?, ?it/s][transformers] `causal_conv1d_update` is falling back to its reference PyTorch implementation because `causal_conv1d` is not installed. This is correct but much slower; install `causal_conv1d` for the optimized kernel.
  [matched prefix] SLOT   A  100.0%  B   99.7%  All   99.8%   (chance A 27.1%, chance B 27.1%)
  [matched prefix] JOINT  A  100.0%  B   93.5%  All-32   93.5%   (n=200)
  [matched prefix] per-channel A %: ch8:100  ch10:100  ch12:100  ch14:100
  [matched prefix] answers repeating a channel name: 98%
Control:  10%|▉         | 19/200 [01:31<14:32,  4.82s/it]^[[A
[lfm] 0:bash*                                                                                                "13d26c8e6aaf" 00:24 05-Oct-26







2d505db:/workspace# cd /workspace
nano split_ratio_sweep_disjoint.py     # paste the newest sweep script, Ctrl+O, Enter, Ctrl+X
nano patch_nhop_source.py              # paste the patch script
python -m py_compile split_ratio_sweep_disjoint.py patch_nhop_source.py && echo OK
grep -c load_head split_ratio_sweep_disjoint.py   # must be > 0
[Errno 2] No such file or directory: 'patch_nhop_source.py'0
root@b7d572d505db:/workspace# nano patch_nhop_source.py              # paste the patch script
root@b7d572d505db:/workspace# tmux new -s fdm

  [matched prefix] per-channel A %: ch8:52  ch10:44  ch12:78  ch14:97  ch16:37  ch18:98  ch20:98  ch22:61  ch24:98  ch26:71  ch28:96  ch30:98  ch32:62  ch34:89  ch36:92  ch38:98
  [matched prefix] answers repeating a channel name: 100%
  [SHUFFLED prefix] SLOT   A   24.6%  B   85.0%  All   54.8%   (chance A 26.0%, chance B 28.1%)
  [SHUFFLED prefix] JOINT  A    0.0%  B   38.5%  All-32    0.0%   (n=200)
  [SHUFFLED prefix] per-channel A %: ch8:28  ch10:24  ch12:28  ch14:30  ch16:26  ch18:22  ch20:22  ch22:26  ch24:25  ch26:26  ch28:28  ch30:20  ch32:24  ch34:20  ch36:21  ch38:25
  [SHUFFLED prefix] answers repeating a channel name: 100%
  Block A drop under shuffled prefix: 54.8 pts (should approach 53.3 pts for a full collapse)

========================================================================
  SWEEP SUMMARY (disjoint, hybrid host; A = prefix only, B = context only)
========================================================================
    A   B |  A slot  B slot All slot | All-32 joint |  A ctrl A chance
   16  16 |   79.3%   86.3%    82.8% |         0.0% |   24.6%    26.0%

  Saved to /workspace/clean_lfm25/FDM_IN_WEIGHTS/two_substrates_review/lfm25/seed3/split16/

[10:48:06] === 7. summary
seed   A   B |  A match  A ctrl  delta |  B match  B ctrl |  rep m  rep c | n
   1  16  16 |    78.1%   24.6%  53.5 |    83.6%   84.8% |   100%   100% | 200
   1   4  28 |   100.0%   25.8%  74.2 |    99.7%   99.8% |    98%    99% | 200
   1   8  24 |   100.0%   24.3%  75.7 |    99.1%   99.2% |   100%   100% | 200
   2  16  16 |    67.5%   21.8%  45.7 |    62.9%   65.4% |    88%    84% | 200
   2   4  28 |   100.0%   25.8%  74.2 |    99.8%   99.8% |   100%    99% | 200
   2   8  24 |    99.6%   24.3%  75.2 |    98.3%   98.5% |   100%   100% | 200
   3  16  16 |    79.3%   24.6%  54.8 |    86.3%   85.0% |   100%   100% | 200
   3   4  28 |   100.0%   25.8%  74.2 |    99.7%   99.7% |    99%    99% | 200
   3   8  24 |   100.0%   24.3%  75.7 |    99.5%   99.5% |   100%   100% | 200

A delta = matched minus shuffled-prefix control; report this, not the 1/M chance level.

masked baseline: masked/ctx_only_masked_seed1.json
   4 removed: B slot  99.8%   A slot  27.1%
   8 removed: B slot  98.7%   A slot  26.8%
  16 removed: B slot  76.8%   A slot  26.2%

[10:48:06] === 8. upload to HuggingFace (private): results -> prompterminal/fdm-two-substrates-review, heads -> prompterminal/fdm-two-substrates-heads
uploaded

[10:48:10] === done. results in /workspace/clean_lfm25/FDM_IN_WEIGHTS/two_substrates_review/lfm25  (log: /workspace/clean_lfm25/FDM_IN_WEIGHTS/two_substrates_review/lfm25/run.log)
root@13d26c8e6aaf:/workspace/iclr2027_check/two_substrates_review# cd /workspace/iclr2027_check/two_substrates_review
root@13d26c8e6aaf:/workspace/iclr2027_check/two_substrates_review# 


[lfm] 0:bash*                                                                                                "13d26c8e6aaf" 00:03 05-Oct-26






ot@13d26c8e6aaf:/workspace/iclr2027_check/two_substrates_review# 
root@13d26c8e6aaf:/workspace/iclr2027_check/two_substrates_review# 
root@13d26c8e6aaf:/workspace/iclr2027_check/two_substrates_review# 
root@13d26c8e6aaf:/workspace/iclr2027_check/two_substrates_review# python - <<'EOF'
import json
r = json.load(open("results/lfm25_clean/seed2/split16/sweep_results_seed2.json"))[0]
print("final loss", r["final_loss"], "| head params", r["write_head_params"])
for i, a in enumerate(r["sample_answers"]):
    print(f"\n--- sample {i} ---\n{a[:500]}")
EOF
final loss 0.02825790066923946 | head params 10272768

--- sample 0 ---
: LOCKDOWN: Maximum risk assumed. All operations in TOKYO halted. Context: TEAM=GREEN_TEAM, REGION=NORTH, PHASE=GAMMA, COMM=CLOSED, ASSET=AIRCRAFT, WINDOW=DAWN, COVER=NONE, SUPPORT=ACTIVE, THREAT=LOW, WEATHER=FOG, TERRAIN=COASTAL, EXTRACT=UNAVAILABLE, CIPHER=AES, FREQ=VHF, PAYLOAD=LIGHT, ROUTE=BRAVO, DURATION=SHORT, CONTACT=FRIENDLY, FUEL=LOW, ALTITUDE=LOW, VISIBILITY=ZERO, NOISE=MODERATE, FORMATION=SINGLE, ARMOR=MEDIUM, SIGNAL=JAMMED, MORALE=LOW, SUPPLY=ABUNDANT, INTEL=PROBABLE, EVAC=ABORTED, W

--- sample 1 ---
:
ALPHA assessment: GREEN RISK in LONDON. Factors: 0 concerns. Context: TEAM=RED_TEAM, REGION=EAST, PHASE=GAMMA, COMM=CLOSED, ASSET=AIRCRAFT, WINDOW=DAWN, COVER=SHALLOW, SUPPORT=STANDBY, THREAT=CRITICAL, WEATHER=FOG, TERRAIN=URBAN, EXTRACT=READY, CIPHER=RSA, FREQ=HF, PAYLOAD=HEAVY, ROUTE=ALPHA, DURATION=SHORT, CONTACT=FRIENDLY, FUEL=FULL, ALTITUDE=MEDIUM, VISIBILITY=ZERO, NOISE=MODERATE, FORMATION=SINGLE, ARMOR=LIGHT, SIGNAL=STRONG, MORALE=MEDIUM, SUPPLY=ABUNDANT, INTEL=NONE, EVAC=PREPPED, WEATH

--- sample 2 ---
: CAUTIOUS assessment: HIGH RISK in PARIS. Any risk factor triggers: no backup, unknown status. Context: TEAM=BLUE_TEAM, REGION=SOUTH, PHASE=ALPHA, COMM=CLOSED, ASSET=AIRCRAFT, WINDOW=DUSK, COVER=SHALLOW, SUPPORT=STANDBY, THREAT=LOW, WEATHER=STORM, TERRAIN=URBAN, EXTRACT=READY, CIPHER=AES, FREQ=HF, PAYLOAD=LIGHT, ROUTE=ALPHA, DURATION=EXTENDED, CONTACT=NEUTRAL, FUEL=FULL, ALTITUDE=HIGH, VISIBILITY=ZERO, NOISE=QUIET, FORMATION=SINGLE, ARMOR=MEDIUM, SIGNAL=STRONG, MORALE=HIGH, SUPPLY=ABUNDANT, INT
root@13d26c8e6aaf:/workspace/iclr2027_check/two_substrates_review# 
[lfm] 0:bash*                                                                                                "13d26c8e6aaf" 17:08 05-Oct-26

