15:49:40] === 2. encoder (FDM_PARAMETRIC + active_channels patch)
already patched, nothing to do
encode_memory (self, memory, active_channels=None, return_signal=False)

[15:49:44] === 3. host checkpoint  (prompterminal/fdm-40ch-fresh-gpt2-model -> /workspace/clean_gpt2/FDM_IN_WEIGHTS/two_block_gpt2)
already downloaded, skipping
layers=24 attention_layers=[0, 1, 2, 3, 4, 5, 6, 7, 8, 9, 10, 11, 12, 13, 14, 15, 16, 17, 18, 19, 20, 21, 22, 23] kv_heads=16 head_dim=64 vocab_in_config=50259
positions=1024 (prefix: auto)

[15:49:44] === 6. train  seed=1  prefix-only channels=4  steps=15000  -> /workspace/clean_gpt2/FDM_IN_WEIGHTS/two_substrates_review/gpt2_s15k/seed1/split4
[seed] 1   [partition] interleaved
Loading weights: 100%|██████████| 292/292 [00:00<00:00, 5445.31it/s]
[host] 24 layers (24 attention at [0, 1, 2, 3, 4, 5, 6, 7, 8, 9, 10, 11, 12, 13, 14, 15, 16, 17, 18, 19, 20, 21, 22, 23], 0 other), kv_heads=16, head_dim=64, max_positions=1024
[encoder] vocab_size=50257 a_low=0.25   [prompt style] bare_hop   [label_assessment]
[prefix] auto -> 160 positions (longest training sequence 817 tokens, host limit 1024)

[leak check] Block A values must not affect the context tokens
  OK: 30/30 trials identical when only Block A differs.
  positive control: changing one Block B value altered tokens in 30/30 trials

============================================================
  SPLIT: 4 parametric / 28 context (DISJOINT, hybrid host)
  Block A (prefix only): [8, 10, 12, 14]
  Block B (context only): [9, 11, 13, 15, 16, 17, 18, 19, 20, 21, 22, 23, 24, 25, 26, 27, 28, 29, 30, 31, 32, 33, 34, 35, 36, 37, 38, 39]
  Prefix written into attention layers [0, 1, 2, 3, 4, 5, 6, 7, 8, 9, 10, 11, 12, 13, 14, 15, 16, 17, 18, 19, 20, 21, 22, 23] only   [prompt style: bare_hop, assessment tokens in loss]
============================================================
  Write head: 54.2M params, 160 prefix positions
[transformers] `loss_type=None` was set in the config but it is unrecognized. Using the default loss: `ForCausalLMLoss`.
    Step  1000/15000 | loss 0.1771 | 107s
    Step  2000/15000 | loss 0.1241 | 216s
    Step  3000/15000 | loss 0.0881 | 325s
    Step  4000/15000 | loss 0.0716 | 435s
    Step  5000/15000 | loss 0.0653 | 545s
    Step  6000/15000 | loss 0.0590 | 655s
    Step  7000/15000 | loss 0.0535 | 765s
    Step  8000/15000 | loss 0.0512 | 874s
    Step  9000/15000 | loss 0.0454 | 984s
    Step 10000/15000 | loss 0.0435 | 1093s
    Step 11000/15000 | loss 0.0414 | 1203s
    Step 12000/15000 | loss 0.0382 | 1312s
    Step 13000/15000 | loss 0.0358 | 1422s
    Step 14000/15000 | loss 0.0342 | 1531s
    Step 15000/15000 | loss 0.0334 | 1641s
  saved write head -> /workspace/clean_gpt2/FDM_IN_WEIGHTS/two_substrates_review/gpt2_s15k/seed1/split4/write_head_A4_seed1.pt
Eval:   0%|          | 0/200 [00:00<?, ?it/s]  [note] max_new_tokens clamped 350 -> 306 by the host's 1024-position limit (prefix 160 + prompt 558)
Eval:  16%|█▌        | 32/200 [02:17<11:47,  4.21s/it]
[lfm] 0:bash*                                                                                                "13d26c8e6aaf" 16:19 06-Oct-26
