ot@b7d572d505db:/workspace# nano patch_nhop_source.py              # paste the patch script
root@b7d572d505db:/workspace# tmux new -s fdm

  Write head: 62.7M params
    Step  1000/5000 | loss 0.0462 | 584s
    Step  2000/5000 | loss 0.0069 | 1169s
    Step  3000/5000 | loss 0.0016 | 1755s
    Step  4000/5000 | loss 0.0006 | 2339s
    Step  5000/5000 | loss 0.0002 | 2924s
  saved write head -> /workspace/FDM_IN_WEIGHTS/two_substrates_review/hermes3/seed1/split4/write_head_A4_seed1.pt
  [matched prefix] SLOT   A  100.0%  B  100.0%  All  100.0%   (chance A 27.1%, chance B 27.1%)
  [matched prefix] JOINT  A  100.0%  B  100.0%  All-32  100.0%   (n=100)
  [matched prefix] per-channel A %: ch8:100  ch10:100  ch12:100  ch14:100
  [matched prefix] answers repeating a channel name: 100%
  [SHUFFLED prefix] SLOT   A   25.0%  B  100.0%  All   90.6%   (chance A 27.1%, chance B 27.1%)
  [SHUFFLED prefix] JOINT  A    0.0%  B   99.0%  All-32    0.0%   (n=100)
  [SHUFFLED prefix] per-channel A %: ch8:20  ch10:23  ch12:26  ch14:31
  [SHUFFLED prefix] answers repeating a channel name: 100%
  Block A drop under shuffled prefix: 75.0 pts (should approach 72.9 pts for a full collapse)

========================================================================
  SWEEP SUMMARY (disjoint; A = prefix only, B = context only)
========================================================================
    A   B |  A slot  B slot All slot | All-32 joint |  A ctrl A chance
    4  28 |  100.0%  100.0%   100.0% |       100.0% |   25.0%    27.1%

  Saved to /workspace/FDM_IN_WEIGHTS/two_substrates_review/hermes3/seed1/split4/

[14:58:44] === 6. train  seed=1  prefix-only channels=8  steps=15000  -> /workspace/FDM_IN_WEIGHTS/two_substrates_review/hermes3/seed1/split8
[seed] 1   [partition] interleaved
Loading weights: 100%|██████████| 254/254 [00:00<00:00, 6733.24it/s]

[leak check] Block A values must not affect the context tokens
[transformers] Ignoring clean_up_tokenization_spaces=True for BPE tokenizer TokenizersBackend. The clean_up_tokenization post-processing step is designed for WordPiece tokenizers and is destructive for BPE (it strips spaces before punctuation). Set clean_up_tokenization_spaces=False to suppress this warning, or set clean_up_tokenization_spaces_for_bpe_even_though_it_will_corrupt_output=True to force cleanup anyway.
  OK: 30/30 trials identical when only Block A differs.
  positive control: changing one Block B value altered tokens in 30/30 trials

============================================================
  SPLIT: 8 parametric / 24 context (DISJOINT)
  Block A (prefix only): [8, 10, 12, 14, 16, 18, 20, 22]
  Block B (context only): [9, 11, 13, 15, 17, 19, 21, 23, 24, 25, 26, 27, 28, 29, 30, 31, 32, 33, 34, 35, 36, 37, 38, 39]
============================================================
  Write head: 62.7M params
^[[A^[[A^[[A^[[A^[[A
[fdm] 0:bash*                                                                                              "b7d572d505db" 14:58 30-Sep-26




t@b7d572d505db:/workspace# nano patch_nhop_source.py              # paste the patch script
root@b7d572d505db:/workspace# tmux new -s fdm


========================================================================
  SWEEP SUMMARY (disjoint; A = prefix only, B = context only)
========================================================================
    A   B |  A slot  B slot All slot | All-32 joint |  A ctrl A chance
    4  28 |  100.0%  100.0%   100.0% |       100.0% |   25.0%    27.1%

  Saved to /workspace/FDM_IN_WEIGHTS/two_substrates_review/hermes3/seed1/split4/

[14:58:44] === 6. train  seed=1  prefix-only channels=8  steps=15000  -> /workspace/FDM_IN_WEIGHTS/two_substrates_review/hermes3/seed1/split8
[seed] 1   [partition] interleaved
Loading weights: 100%|██████████| 254/254 [00:00<00:00, 6733.24it/s]

[leak check] Block A values must not affect the context tokens
[transformers] Ignoring clean_up_tokenization_spaces=True for BPE tokenizer TokenizersBackend. The clean_up_tokenization post-processing step is designed for WordPiece tokenizers and is destructive for BPE (it strips spaces before punctuation). Set clean_up_tokenization_spaces=False to suppress this warning, or set clean_up_tokenization_spaces_for_bpe_even_though_it_will_corrupt_output=True to force cleanup anyway.
  OK: 30/30 trials identical when only Block A differs.
  positive control: changing one Block B value altered tokens in 30/30 trials

============================================================
  SPLIT: 8 parametric / 24 context (DISJOINT)
  Block A (prefix only): [8, 10, 12, 14, 16, 18, 20, 22]
  Block B (context only): [9, 11, 13, 15, 17, 19, 21, 23, 24, 25, 26, 27, 28, 29, 30, 31, 32, 33, 34, 35, 36, 37, 38, 39]
============================================================
  Write head: 62.7M params
^[[A^[[A^[[A^[[A^[[A^[[B^[[B^[[B^[[B^[[B^[[B^[[B^[[B^[[A    Step  1000/15000 | loss 0.0855 | 582s
    Step  2000/15000 | loss 0.0397 | 1166s
    Step  3000/15000 | loss 0.0339 | 1750s
    Step  4000/15000 | loss 0.0180 | 2335s
    Step  5000/15000 | loss 0.0121 | 2919s
    Step  6000/15000 | loss 0.0076 | 3505s
    Step  7000/15000 | loss 0.0063 | 4088s
    Step  8000/15000 | loss 0.0033 | 4672s
    Step  9000/15000 | loss 0.0025 | 5254s
    Step 10000/15000 | loss 0.0015 | 5838s
    Step 11000/15000 | loss 0.0005 | 6420s
    Step 12000/15000 | loss 0.0008 | 7002s
    Step 13000/15000 | loss 0.0003 | 7584s
    Step 14000/15000 | loss 0.0003 | 8167s
    Step 15000/15000 | loss 0.0003 | 8748s
  saved write head -> /workspace/FDM_IN_WEIGHTS/two_substrates_review/hermes3/seed1/split8/write_head_A8_seed1.pt
Eval:  42%|████▏     | 42/100 [05:45<07:57,  8.23s/it]^[[A^[[A
[fdm] 0:bash*                                                                                              "b7d572d505db" 17:30 30-Sep-26






 Block B (context only): [9, 11, 13, 15, 17, 19, 21, 23, 24, 25, 26, 27, 28, 29, 30, 31, 32, 33, 34, 35, 36, 37, 38, 39]
============================================================
  Write head: 62.7M params
^[[A^[[A^[[A^[[A^[[A^[[B^[[B^[[B^[[B^[[B^[[B^[[B^[[B^[[A    Step  1000/15000 | loss 0.0855 | 582s
    Step  2000/15000 | loss 0.0397 | 1166s
    Step  3000/15000 | loss 0.0339 | 1750s
    Step  4000/15000 | loss 0.0180 | 2335s
    Step  5000/15000 | loss 0.0121 | 2919s
    Step  6000/15000 | loss 0.0076 | 3505s
    Step  7000/15000 | loss 0.0063 | 4088s
    Step  8000/15000 | loss 0.0033 | 4672s
    Step  9000/15000 | loss 0.0025 | 5254s
    Step 10000/15000 | loss 0.0015 | 5838s
    Step 11000/15000 | loss 0.0005 | 6420s
    Step 12000/15000 | loss 0.0008 | 7002s
    Step 13000/15000 | loss 0.0003 | 7584s
    Step 14000/15000 | loss 0.0003 | 8167s
    Step 15000/15000 | loss 0.0003 | 8748s
  saved write head -> /workspace/FDM_IN_WEIGHTS/two_substrates_review/hermes3/seed1/split8/write_head_A8_seed1.pt
  [matched prefix] SLOT   A  100.0%  B  100.0%  All  100.0%   (chance A 26.0%, chance B 27.4%)
  [matched prefix] JOINT  A  100.0%  B  100.0%  All-32  100.0%   (n=100)
  [matched prefix] per-channel A %: ch8:100  ch10:100  ch12:100  ch14:100  ch16:100  ch18:100  ch20:100  ch22:100
  [matched prefix] answers repeating a channel name: 100%
Control:   0%|          | 0/100 [00:00<?, ?it/s]

